Archive member included to satisfy reference by file (symbol)

c:/st/stm32cubeide_1.7.0/stm32cubeide/plugins/com.st.stm32cube.ide.mcu.externaltools.gnu-tools-for-stm32.9-2020-q2-update.win32_2.0.0.202105311346/tools/bin/../lib/gcc/arm-none-eabi/9.3.1/../../../../arm-none-eabi/lib/thumb/v7-m/nofp\libc_nano.a(lib_a-errno.o)
                              ./Core/Src/syscalls.o (__errno)
c:/st/stm32cubeide_1.7.0/stm32cubeide/plugins/com.st.stm32cube.ide.mcu.externaltools.gnu-tools-for-stm32.9-2020-q2-update.win32_2.0.0.202105311346/tools/bin/../lib/gcc/arm-none-eabi/9.3.1/../../../../arm-none-eabi/lib/thumb/v7-m/nofp\libc_nano.a(lib_a-exit.o)
                              c:/st/stm32cubeide_1.7.0/stm32cubeide/plugins/com.st.stm32cube.ide.mcu.externaltools.gnu-tools-for-stm32.9-2020-q2-update.win32_2.0.0.202105311346/tools/bin/../lib/gcc/arm-none-eabi/9.3.1/../../../../arm-none-eabi/lib/thumb/v7-m/nofp/crt0.o (exit)
c:/st/stm32cubeide_1.7.0/stm32cubeide/plugins/com.st.stm32cube.ide.mcu.externaltools.gnu-tools-for-stm32.9-2020-q2-update.win32_2.0.0.202105311346/tools/bin/../lib/gcc/arm-none-eabi/9.3.1/../../../../arm-none-eabi/lib/thumb/v7-m/nofp\libc_nano.a(lib_a-impure.o)
                              c:/st/stm32cubeide_1.7.0/stm32cubeide/plugins/com.st.stm32cube.ide.mcu.externaltools.gnu-tools-for-stm32.9-2020-q2-update.win32_2.0.0.202105311346/tools/bin/../lib/gcc/arm-none-eabi/9.3.1/../../../../arm-none-eabi/lib/thumb/v7-m/nofp\libc_nano.a(lib_a-exit.o) (_global_impure_ptr)
c:/st/stm32cubeide_1.7.0/stm32cubeide/plugins/com.st.stm32cube.ide.mcu.externaltools.gnu-tools-for-stm32.9-2020-q2-update.win32_2.0.0.202105311346/tools/bin/../lib/gcc/arm-none-eabi/9.3.1/../../../../arm-none-eabi/lib/thumb/v7-m/nofp\libc_nano.a(lib_a-init.o)
                              c:/st/stm32cubeide_1.7.0/stm32cubeide/plugins/com.st.stm32cube.ide.mcu.externaltools.gnu-tools-for-stm32.9-2020-q2-update.win32_2.0.0.202105311346/tools/bin/../lib/gcc/arm-none-eabi/9.3.1/../../../../arm-none-eabi/lib/thumb/v7-m/nofp/crt0.o (__libc_init_array)
c:/st/stm32cubeide_1.7.0/stm32cubeide/plugins/com.st.stm32cube.ide.mcu.externaltools.gnu-tools-for-stm32.9-2020-q2-update.win32_2.0.0.202105311346/tools/bin/../lib/gcc/arm-none-eabi/9.3.1/../../../../arm-none-eabi/lib/thumb/v7-m/nofp\libc_nano.a(lib_a-memset.o)
                              c:/st/stm32cubeide_1.7.0/stm32cubeide/plugins/com.st.stm32cube.ide.mcu.externaltools.gnu-tools-for-stm32.9-2020-q2-update.win32_2.0.0.202105311346/tools/bin/../lib/gcc/arm-none-eabi/9.3.1/../../../../arm-none-eabi/lib/thumb/v7-m/nofp/crt0.o (memset)

Allocating common symbols
Common symbol       size              file

hspi2               0x58              ./Core/Src/main.o
uwTick              0x4               ./Drivers/STM32F1xx_HAL_Driver/Src/stm32f1xx_hal.o
pFlash              0x20              ./Drivers/STM32F1xx_HAL_Driver/Src/stm32f1xx_hal_flash.o
huart1              0x48              ./Core/Src/main.o
_LED_0F             0x1d              ./Core/Src/fnd_controller.o
hspi1               0x58              ./Core/Src/main.o

Discarded input sections

 .text          0x0000000000000000        0x0 c:/st/stm32cubeide_1.7.0/stm32cubeide/plugins/com.st.stm32cube.ide.mcu.externaltools.gnu-tools-for-stm32.9-2020-q2-update.win32_2.0.0.202105311346/tools/bin/../lib/gcc/arm-none-eabi/9.3.1/thumb/v7-m/nofp/crti.o
 .data          0x0000000000000000        0x0 c:/st/stm32cubeide_1.7.0/stm32cubeide/plugins/com.st.stm32cube.ide.mcu.externaltools.gnu-tools-for-stm32.9-2020-q2-update.win32_2.0.0.202105311346/tools/bin/../lib/gcc/arm-none-eabi/9.3.1/thumb/v7-m/nofp/crti.o
 .bss           0x0000000000000000        0x0 c:/st/stm32cubeide_1.7.0/stm32cubeide/plugins/com.st.stm32cube.ide.mcu.externaltools.gnu-tools-for-stm32.9-2020-q2-update.win32_2.0.0.202105311346/tools/bin/../lib/gcc/arm-none-eabi/9.3.1/thumb/v7-m/nofp/crti.o
 .data          0x0000000000000000        0x4 c:/st/stm32cubeide_1.7.0/stm32cubeide/plugins/com.st.stm32cube.ide.mcu.externaltools.gnu-tools-for-stm32.9-2020-q2-update.win32_2.0.0.202105311346/tools/bin/../lib/gcc/arm-none-eabi/9.3.1/thumb/v7-m/nofp/crtbegin.o
 .text          0x0000000000000000       0x7c c:/st/stm32cubeide_1.7.0/stm32cubeide/plugins/com.st.stm32cube.ide.mcu.externaltools.gnu-tools-for-stm32.9-2020-q2-update.win32_2.0.0.202105311346/tools/bin/../lib/gcc/arm-none-eabi/9.3.1/../../../../arm-none-eabi/lib/thumb/v7-m/nofp/crt0.o
 .data          0x0000000000000000        0x0 c:/st/stm32cubeide_1.7.0/stm32cubeide/plugins/com.st.stm32cube.ide.mcu.externaltools.gnu-tools-for-stm32.9-2020-q2-update.win32_2.0.0.202105311346/tools/bin/../lib/gcc/arm-none-eabi/9.3.1/../../../../arm-none-eabi/lib/thumb/v7-m/nofp/crt0.o
 .bss           0x0000000000000000        0x0 c:/st/stm32cubeide_1.7.0/stm32cubeide/plugins/com.st.stm32cube.ide.mcu.externaltools.gnu-tools-for-stm32.9-2020-q2-update.win32_2.0.0.202105311346/tools/bin/../lib/gcc/arm-none-eabi/9.3.1/../../../../arm-none-eabi/lib/thumb/v7-m/nofp/crt0.o
[...]
Memory Configuration

Name             Origin             Length             Attributes
RAM              0x0000000020000000 0x0000000000005000 xrw
FLASH            0x0000000008000000 0x0000000000010000 xr
*default*        0x0000000000000000 0xffffffffffffffff

Linker script and memory map

LOAD c:/st/stm32cubeide_1.7.0/stm32cubeide/plugins/com.st.stm32cube.ide.mcu.externaltools.gnu-tools-for-stm32.9-2020-q2-update.win32_2.0.0.202105311346/tools/bin/../lib/gcc/arm-none-eabi/9.3.1/thumb/v7-m/nofp/crti.o
LOAD c:/st/stm32cubeide_1.7.0/stm32cubeide/plugins/com.st.stm32cube.ide.mcu.externaltools.gnu-tools-for-stm32.9-2020-q2-update.win32_2.0.0.202105311346/tools/bin/../lib/gcc/arm-none-eabi/9.3.1/thumb/v7-m/nofp/crtbegin.o
LOAD c:/st/stm32cubeide_1.7.0/stm32cubeide/plugins/com.st.stm32cube.ide.mcu.externaltools.gnu-tools-for-stm32.9-2020-q2-update.win32_2.0.0.202105311346/tools/bin/../lib/gcc/arm-none-eabi/9.3.1/../../../../arm-none-eabi/lib/thumb/v7-m/nofp/crt0.o
LOAD ./Core/Src/fnd_controller.o
LOAD ./Core/Src/main.o
LOAD ./Core/Src/stm32f1xx_hal_msp.o
LOAD ./Core/Src/stm32f1xx_it.o
LOAD ./Core/Src/syscalls.o
LOAD ./Core/Src/sysmem.o
LOAD ./Core/Src/system_stm32f1xx.o
LOAD ./Core/Startup/startup_stm32f103c8tx.o
LOAD ./Drivers/STM32F1xx_HAL_Driver/Src/stm32f1xx_hal.o
LOAD ./Drivers/STM32F1xx_HAL_Driver/Src/stm32f1xx_hal_cortex.o
LOAD ./Drivers/STM32F1xx_HAL_Driver/Src/stm32f1xx_hal_dma.o
LOAD ./Drivers/STM32F1xx_HAL_Driver/Src/stm32f1xx_hal_exti.o
LOAD ./Drivers/STM32F1xx_HAL_Driver/Src/stm32f1xx_hal_flash.o
LOAD ./Drivers/STM32F1xx_HAL_Driver/Src/stm32f1xx_hal_flash_ex.o
LOAD ./Drivers/STM32F1xx_HAL_Driver/Src/stm32f1xx_hal_gpio.o
LOAD ./Drivers/STM32F1xx_HAL_Driver/Src/stm32f1xx_hal_gpio_ex.o
LOAD ./Drivers/STM32F1xx_HAL_Driver/Src/stm32f1xx_hal_pwr.o
LOAD ./Drivers/STM32F1xx_HAL_Driver/Src/stm32f1xx_hal_rcc.o
LOAD ./Drivers/STM32F1xx_HAL_Driver/Src/stm32f1xx_hal_rcc_ex.o
LOAD ./Drivers/STM32F1xx_HAL_Driver/Src/stm32f1xx_hal_spi.o
LOAD ./Drivers/STM32F1xx_HAL_Driver/Src/stm32f1xx_hal_tim.o
LOAD ./Drivers/STM32F1xx_HAL_Driver/Src/stm32f1xx_hal_tim_ex.o
LOAD ./Drivers/STM32F1xx_HAL_Driver/Src/stm32f1xx_hal_uart.o
START GROUP
LOAD c:/st/stm32cubeide_1.7.0/stm32cubeide/plugins/com.st.stm32cube.ide.mcu.externaltools.gnu-tools-for-stm32.9-2020-q2-update.win32_2.0.0.202105311346/tools/bin/../lib/gcc/arm-none-eabi/9.3.1/../../../../arm-none-eabi/lib/thumb/v7-m/nofp\libc_nano.a
LOAD c:/st/stm32cubeide_1.7.0/stm32cubeide/plugins/com.st.stm32cube.ide.mcu.externaltools.gnu-tools-for-stm32.9-2020-q2-update.win32_2.0.0.202105311346/tools/bin/../lib/gcc/arm-none-eabi/9.3.1/../../../../arm-none-eabi/lib/thumb/v7-m/nofp\libm.a
END GROUP
START GROUP
LOAD c:/st/stm32cubeide_1.7.0/stm32cubeide/plugins/com.st.stm32cube.ide.mcu.externaltools.gnu-tools-for-stm32.9-2020-q2-update.win32_2.0.0.202105311346/tools/bin/../lib/gcc/arm-none-eabi/9.3.1/thumb/v7-m/nofp\libgcc.a
LOAD c:/st/stm32cubeide_1.7.0/stm32cubeide/plugins/com.st.stm32cube.ide.mcu.externaltools.gnu-tools-for-stm32.9-2020-q2-update.win32_2.0.0.202105311346/tools/bin/../lib/gcc/arm-none-eabi/9.3.1/../../../../arm-none-eabi/lib/thumb/v7-m/nofp\libc_nano.a
END GROUP
START GROUP
LOAD c:/st/stm32cubeide_1.7.0/stm32cubeide/plugins/com.st.stm32cube.ide.mcu.externaltools.gnu-tools-for-stm32.9-2020-q2-update.win32_2.0.0.202105311346/tools/bin/../lib/gcc/arm-none-eabi/9.3.1/thumb/v7-m/nofp\libgcc.a
LOAD c:/st/stm32cubeide_1.7.0/stm32cubeide/plugins/com.st.stm32cube.ide.mcu.externaltools.gnu-tools-for-stm32.9-2020-q2-update.win32_2.0.0.202105311346/tools/bin/../lib/gcc/arm-none-eabi/9.3.1/../../../../arm-none-eabi/lib/thumb/v7-m/nofp\libc_nano.a
LOAD c:/st/stm32cubeide_1.7.0/stm32cubeide/plugins/com.st.stm32cube.ide.mcu.externaltools.gnu-tools-for-stm32.9-2020-q2-update.win32_2.0.0.202105311346/tools/bin/../lib/gcc/arm-none-eabi/9.3.1/../../../../arm-none-eabi/lib/thumb/v7-m/nofp\libnosys.a
END GROUP
START GROUP
LOAD c:/st/stm32cubeide_1.7.0/stm32cubeide/plugins/com.st.stm32cube.ide.mcu.externaltools.gnu-tools-for-stm32.9-2020-q2-update.win32_2.0.0.202105311346/tools/bin/../lib/gcc/arm-none-eabi/9.3.1/thumb/v7-m/nofp\libgcc.a
LOAD c:/st/stm32cubeide_1.7.0/stm32cubeide/plugins/com.st.stm32cube.ide.mcu.externaltools.gnu-tools-for-stm32.9-2020-q2-update.win32_2.0.0.202105311346/tools/bin/../lib/gcc/arm-none-eabi/9.3.1/../../../../arm-none-eabi/lib/thumb/v7-m/nofp\libc_nano.a
LOAD c:/st/stm32cubeide_1.7.0/stm32cubeide/plugins/com.st.stm32cube.ide.mcu.externaltools.gnu-tools-for-stm32.9-2020-q2-update.win32_2.0.0.202105311346/tools/bin/../lib/gcc/arm-none-eabi/9.3.1/../../../../arm-none-eabi/lib/thumb/v7-m/nofp\libnosys.a
END GROUP
LOAD c:/st/stm32cubeide_1.7.0/stm32cubeide/plugins/com.st.stm32cube.ide.mcu.externaltools.gnu-tools-for-stm32.9-2020-q2-update.win32_2.0.0.202105311346/tools/bin/../lib/gcc/arm-none-eabi/9.3.1/thumb/v7-m/nofp/crtend.o
LOAD c:/st/stm32cubeide_1.7.0/stm32cubeide/plugins/com.st.stm32cube.ide.mcu.externaltools.gnu-tools-for-stm32.9-2020-q2-update.win32_2.0.0.202105311346/tools/bin/../lib/gcc/arm-none-eabi/9.3.1/thumb/v7-m/nofp/crtn.o
                0x0000000020005000                _estack = (ORIGIN (RAM) + LENGTH (RAM))
                0x0000000000000200                _Min_Heap_Size = 0x200
                0x0000000000000400                _Min_Stack_Size = 0x400

.isr_vector     0x0000000008000000      0x10c
                0x0000000008000000                . = ALIGN (0x4)
 *(.isr_vector)
 .isr_vector    0x0000000008000000      0x10c ./Core/Startup/startup_stm32f103c8tx.o
                0x0000000008000000                g_pfnVectors
                0x000000000800010c                . = ALIGN (0x4)

.text           0x000000000800010c     0x1bf8
                0x000000000800010c                . = ALIGN (0x4)
 *(.text)
 .text          0x000000000800010c       0x40 c:/st/stm32cubeide_1.7.0/stm32cubeide/plugins/com.st.stm32cube.ide.mcu.externaltools.gnu-tools-for-stm32.9-2020-q2-update.win32_2.0.0.202105311346/tools/bin/../lib/gcc/arm-none-eabi/9.3.1/thumb/v7-m/nofp/crtbegin.o
 *(.text*)
 .text.init_fnd
                0x000000000800014c       0xd0 ./Core/Src/fnd_controller.o
                0x000000000800014c                init_fnd
 .text.send     0x000000000800021c       0x24 ./Core/Src/fnd_controller.o
                0x000000000800021c                send
 .text.send_port
                0x0000000008000240       0x44 ./Core/Src/fnd_controller.o
                0x0000000008000240                send_port
 .text.main     0x0000000008000284       0x48 ./Core/Src/main.o
                0x0000000008000284                main
 .text.SystemClock_Config
                0x00000000080002cc       0x76 ./Core/Src/main.o
                0x00000000080002cc                SystemClock_Config
 *fill*         0x0000000008000342        0x2 
 .text.MX_SPI1_Init
                0x0000000008000344       0x6c ./Core/Src/main.o
 .text.MX_SPI2_Init
                0x00000000080003b0       0x6c ./Core/Src/main.o
 .text.MX_USART1_UART_Init
                0x000000000800041c       0x54 ./Core/Src/main.o
 .text.MX_GPIO_Init
                0x0000000008000470       0xe0 ./Core/Src/main.o
 .text.Error_Handler
                0x0000000008000550        0xa ./Core/Src/main.o
                0x0000000008000550                Error_Handler
 *fill*         0x000000000800055a        0x2 
 .text.HAL_MspInit
                0x000000000800055c       0x64 ./Core/Src/stm32f1xx_hal_msp.o
                0x000000000800055c                HAL_MspInit
 .text.HAL_SPI_MspInit
                0x00000000080005c0       0xf4 ./Core/Src/stm32f1xx_hal_msp.o
                0x00000000080005c0                HAL_SPI_MspInit
 .text.HAL_UART_MspInit
                0x00000000080006b4       0x98 ./Core/Src/stm32f1xx_hal_msp.o
                0x00000000080006b4                HAL_UART_MspInit
 .text.NMI_Handler
                0x000000000800074c        0x6 ./Core/Src/stm32f1xx_it.o
                0x000000000800074c                NMI_Handler
 .text.HardFault_Handler
                0x0000000008000752        0x6 ./Core/Src/stm32f1xx_it.o
                0x0000000008000752                HardFault_Handler
 .text.MemManage_Handler
                0x0000000008000758        0x6 ./Core/Src/stm32f1xx_it.o
                0x0000000008000758                MemManage_Handler
 .text.BusFault_Handler
                0x000000000800075e        0x6 ./Core/Src/stm32f1xx_it.o
                0x000000000800075e                BusFault_Handler
 .text.UsageFault_Handler
                0x0000000008000764        0x6 ./Core/Src/stm32f1xx_it.o
                0x0000000008000764                UsageFault_Handler
 .text.SVC_Handler
                0x000000000800076a        0xc ./Core/Src/stm32f1xx_it.o
                0x000000000800076a                SVC_Handler
 .text.DebugMon_Handler
                0x0000000008000776        0xc ./Core/Src/stm32f1xx_it.o
                0x0000000008000776                DebugMon_Handler
 .text.PendSV_Handler
                0x0000000008000782        0xc ./Core/Src/stm32f1xx_it.o
                0x0000000008000782                PendSV_Handler
 .text.SysTick_Handler
                0x000000000800078e        0xc ./Core/Src/stm32f1xx_it.o
                0x000000000800078e                SysTick_Handler
 .text.SystemInit
                0x000000000800079a        0xc ./Core/Src/system_stm32f1xx.o
                0x000000000800079a                SystemInit
 *fill*         0x00000000080007a6        0x2 
 .text.Reset_Handler
                0x00000000080007a8       0x48 ./Core/Startup/startup_stm32f103c8tx.o
                0x00000000080007a8                Reset_Handler
 .text.Default_Handler
                0x00000000080007f0        0x2 ./Core/Startup/startup_stm32f103c8tx.o
                0x00000000080007f0                RTC_Alarm_IRQHandler
                0x00000000080007f0                EXTI2_IRQHandler
                0x00000000080007f0                TIM1_CC_IRQHandler
                0x00000000080007f0                PVD_IRQHandler
                0x00000000080007f0                EXTI3_IRQHandler
                0x00000000080007f0                EXTI0_IRQHandler
                0x00000000080007f0                I2C2_EV_IRQHandler
                0x00000000080007f0                ADC1_2_IRQHandler
                0x00000000080007f0                SPI1_IRQHandler
                0x00000000080007f0                TAMPER_IRQHandler
                0x00000000080007f0                DMA1_Channel4_IRQHandler
                0x00000000080007f0                USART3_IRQHandler
                0x00000000080007f0                RTC_IRQHandler
                0x00000000080007f0                DMA1_Channel7_IRQHandler
                0x00000000080007f0                CAN1_RX1_IRQHandler
                0x00000000080007f0                TIM4_IRQHandler
                0x00000000080007f0                I2C1_EV_IRQHandler
                0x00000000080007f0                DMA1_Channel6_IRQHandler
                0x00000000080007f0                TIM3_IRQHandler
                0x00000000080007f0                RCC_IRQHandler
                0x00000000080007f0                TIM1_TRG_COM_IRQHandler
                0x00000000080007f0                DMA1_Channel1_IRQHandler
                0x00000000080007f0                Default_Handler
                0x00000000080007f0                EXTI15_10_IRQHandler
                0x00000000080007f0                EXTI9_5_IRQHandler
                0x00000000080007f0                SPI2_IRQHandler
                0x00000000080007f0                DMA1_Channel5_IRQHandler
                0x00000000080007f0                EXTI4_IRQHandler
                0x00000000080007f0                USB_LP_CAN1_RX0_IRQHandler
                0x00000000080007f0                USB_HP_CAN1_TX_IRQHandler
                0x00000000080007f0                DMA1_Channel3_IRQHandler
                0x00000000080007f0                TIM1_UP_IRQHandler
                0x00000000080007f0                WWDG_IRQHandler
                0x00000000080007f0                TIM2_IRQHandler
                0x00000000080007f0                TIM1_BRK_IRQHandler
                0x00000000080007f0                EXTI1_IRQHandler
                0x00000000080007f0                USART2_IRQHandler
                0x00000000080007f0                I2C2_ER_IRQHandler
                0x00000000080007f0                DMA1_Channel2_IRQHandler
                0x00000000080007f0                CAN1_SCE_IRQHandler
                0x00000000080007f0                FLASH_IRQHandler
                0x00000000080007f0                USART1_IRQHandler
                0x00000000080007f0                I2C1_ER_IRQHandler
                0x00000000080007f0                USBWakeUp_IRQHandler
 *fill*         0x00000000080007f2        0x2 
 .text.HAL_Init
                0x00000000080007f4       0x2c ./Drivers/STM32F1xx_HAL_Driver/Src/stm32f1xx_hal.o
                0x00000000080007f4                HAL_Init
 .text.HAL_InitTick
                0x0000000008000820       0x60 ./Drivers/STM32F1xx_HAL_Driver/Src/stm32f1xx_hal.o
                0x0000000008000820                HAL_InitTick
 .text.HAL_IncTick
                0x0000000008000880       0x24 ./Drivers/STM32F1xx_HAL_Driver/Src/stm32f1xx_hal.o
                0x0000000008000880                HAL_IncTick
 .text.HAL_GetTick
                0x00000000080008a4       0x14 ./Drivers/STM32F1xx_HAL_Driver/Src/stm32f1xx_hal.o
                0x00000000080008a4                HAL_GetTick
 .text.__NVIC_SetPriorityGrouping
                0x00000000080008b8       0x48 ./Drivers/STM32F1xx_HAL_Driver/Src/stm32f1xx_hal_cortex.o
 .text.__NVIC_GetPriorityGrouping
                0x0000000008000900       0x1c ./Drivers/STM32F1xx_HAL_Driver/Src/stm32f1xx_hal_cortex.o
 .text.__NVIC_SetPriority
                0x000000000800091c       0x54 ./Drivers/STM32F1xx_HAL_Driver/Src/stm32f1xx_hal_cortex.o
 .text.NVIC_EncodePriority
                0x0000000008000970       0x64 ./Drivers/STM32F1xx_HAL_Driver/Src/stm32f1xx_hal_cortex.o
 .text.SysTick_Config
                0x00000000080009d4       0x44 ./Drivers/STM32F1xx_HAL_Driver/Src/stm32f1xx_hal_cortex.o
 .text.HAL_NVIC_SetPriorityGrouping
                0x0000000008000a18       0x16 ./Drivers/STM32F1xx_HAL_Driver/Src/stm32f1xx_hal_cortex.o
                0x0000000008000a18                HAL_NVIC_SetPriorityGrouping
 .text.HAL_NVIC_SetPriority
                0x0000000008000a2e       0x38 ./Drivers/STM32F1xx_HAL_Driver/Src/stm32f1xx_hal_cortex.o
                0x0000000008000a2e                HAL_NVIC_SetPriority
 .text.HAL_SYSTICK_Config
                0x0000000008000a66       0x18 ./Drivers/STM32F1xx_HAL_Driver/Src/stm32f1xx_hal_cortex.o
                0x0000000008000a66                HAL_SYSTICK_Config
 *fill*         0x0000000008000a7e        0x2 
 .text.HAL_GPIO_Init
                0x0000000008000a80      0x308 ./Drivers/STM32F1xx_HAL_Driver/Src/stm32f1xx_hal_gpio.o
                0x0000000008000a80                HAL_GPIO_Init
 .text.HAL_GPIO_WritePin
                0x0000000008000d88       0x30 ./Drivers/STM32F1xx_HAL_Driver/Src/stm32f1xx_hal_gpio.o
                0x0000000008000d88                HAL_GPIO_WritePin
 .text.HAL_RCC_OscConfig
                0x0000000008000db8      0x500 ./Drivers/STM32F1xx_HAL_Driver/Src/stm32f1xx_hal_rcc.o
                0x0000000008000db8                HAL_RCC_OscConfig
 .text.HAL_RCC_ClockConfig
                0x00000000080012b8      0x1d4 ./Drivers/STM32F1xx_HAL_Driver/Src/stm32f1xx_hal_rcc.o
                0x00000000080012b8                HAL_RCC_ClockConfig
 .text.HAL_RCC_GetSysClockFreq
                0x000000000800148c       0xa8 ./Drivers/STM32F1xx_HAL_Driver/Src/stm32f1xx_hal_rcc.o
                0x000000000800148c                HAL_RCC_GetSysClockFreq
 .text.HAL_RCC_GetHCLKFreq
                0x0000000008001534       0x14 ./Drivers/STM32F1xx_HAL_Driver/Src/stm32f1xx_hal_rcc.o
                0x0000000008001534                HAL_RCC_GetHCLKFreq
 .text.HAL_RCC_GetPCLK1Freq
                0x0000000008001548       0x28 ./Drivers/STM32F1xx_HAL_Driver/Src/stm32f1xx_hal_rcc.o
                0x0000000008001548                HAL_RCC_GetPCLK1Freq
 .text.HAL_RCC_GetPCLK2Freq
                0x0000000008001570       0x28 ./Drivers/STM32F1xx_HAL_Driver/Src/stm32f1xx_hal_rcc.o
                0x0000000008001570                HAL_RCC_GetPCLK2Freq
 .text.RCC_Delay
                0x0000000008001598       0x3c ./Drivers/STM32F1xx_HAL_Driver/Src/stm32f1xx_hal_rcc.o
 .text.HAL_SPI_Init
                0x00000000080015d4      0x108 ./Drivers/STM32F1xx_HAL_Driver/Src/stm32f1xx_hal_spi.o
                0x00000000080015d4                HAL_SPI_Init
 .text.HAL_SPI_Transmit
                0x00000000080016dc      0x288 ./Drivers/STM32F1xx_HAL_Driver/Src/stm32f1xx_hal_spi.o
                0x00000000080016dc                HAL_SPI_Transmit
 .text.SPI_WaitFlagStateUntilTimeout
                0x0000000008001964      0x110 ./Drivers/STM32F1xx_HAL_Driver/Src/stm32f1xx_hal_spi.o
 .text.SPI_EndRxTxTransaction
                0x0000000008001a74       0x62 ./Drivers/STM32F1xx_HAL_Driver/Src/stm32f1xx_hal_spi.o
 .text.HAL_UART_Init
                0x0000000008001ad6       0xa0 ./Drivers/STM32F1xx_HAL_Driver/Src/stm32f1xx_hal_uart.o
                0x0000000008001ad6                HAL_UART_Init
 *fill*         0x0000000008001b76        0x2 
 .text.UART_SetConfig
                0x0000000008001b78      0x11c ./Drivers/STM32F1xx_HAL_Driver/Src/stm32f1xx_hal_uart.o
 .text.__libc_init_array
                0x0000000008001c94       0x48 c:/st/stm32cubeide_1.7.0/stm32cubeide/plugins/com.st.stm32cube.ide.mcu.externaltools.gnu-tools-for-stm32.9-2020-q2-update.win32_2.0.0.202105311346/tools/bin/../lib/gcc/arm-none-eabi/9.3.1/../../../../arm-none-eabi/lib/thumb/v7-m/nofp\libc_nano.a(lib_a-init.o)
                0x0000000008001c94                __libc_init_array
 .text.memset   0x0000000008001cdc       0x10 c:/st/stm32cubeide_1.7.0/stm32cubeide/plugins/com.st.stm32cube.ide.mcu.externaltools.gnu-tools-for-stm32.9-2020-q2-update.win32_2.0.0.202105311346/tools/bin/../lib/gcc/arm-none-eabi/9.3.1/../../../../arm-none-eabi/lib/thumb/v7-m/nofp\libc_nano.a(lib_a-memset.o)
                0x0000000008001cdc                memset
 *(.glue_7)
 .glue_7        0x0000000008001cec        0x0 linker stubs
 *(.glue_7t)
 .glue_7t       0x0000000008001cec        0x0 linker stubs
 *(.eh_frame)
 .eh_frame      0x0000000008001cec        0x0 c:/st/stm32cubeide_1.7.0/stm32cubeide/plugins/com.st.stm32cube.ide.mcu.externaltools.gnu-tools-for-stm32.9-2020-q2-update.win32_2.0.0.202105311346/tools/bin/../lib/gcc/arm-none-eabi/9.3.1/thumb/v7-m/nofp/crtbegin.o
 *(.init)
 .init          0x0000000008001cec        0x4 c:/st/stm32cubeide_1.7.0/stm32cubeide/plugins/com.st.stm32cube.ide.mcu.externaltools.gnu-tools-for-stm32.9-2020-q2-update.win32_2.0.0.202105311346/tools/bin/../lib/gcc/arm-none-eabi/9.3.1/thumb/v7-m/nofp/crti.o
                0x0000000008001cec                _init
 .init          0x0000000008001cf0        0x8 c:/st/stm32cubeide_1.7.0/stm32cubeide/plugins/com.st.stm32cube.ide.mcu.externaltools.gnu-tools-for-stm32.9-2020-q2-update.win32_2.0.0.202105311346/tools/bin/../lib/gcc/arm-none-eabi/9.3.1/thumb/v7-m/nofp/crtn.o
 *(.fini)
 .fini          0x0000000008001cf8        0x4 c:/st/stm32cubeide_1.7.0/stm32cubeide/plugins/com.st.stm32cube.ide.mcu.externaltools.gnu-tools-for-stm32.9-2020-q2-update.win32_2.0.0.202105311346/tools/bin/../lib/gcc/arm-none-eabi/9.3.1/thumb/v7-m/nofp/crti.o
                0x0000000008001cf8                _fini
 .fini          0x0000000008001cfc        0x8 c:/st/stm32cubeide_1.7.0/stm32cubeide/plugins/com.st.stm32cube.ide.mcu.externaltools.gnu-tools-for-stm32.9-2020-q2-update.win32_2.0.0.202105311346/tools/bin/../lib/gcc/arm-none-eabi/9.3.1/thumb/v7-m/nofp/crtn.o
                0x0000000008001d04                . = ALIGN (0x4)
                0x0000000008001d04                _etext = .

.vfp11_veneer   0x0000000008001d04        0x0
 .vfp11_veneer  0x0000000008001d04        0x0 linker stubs

.v4_bx          0x0000000008001d04        0x0
 .v4_bx         0x0000000008001d04        0x0 linker stubs

.iplt           0x0000000008001d04        0x0
 .iplt          0x0000000008001d04        0x0 c:/st/stm32cubeide_1.7.0/stm32cubeide/plugins/com.st.stm32cube.ide.mcu.externaltools.gnu-tools-for-stm32.9-2020-q2-update.win32_2.0.0.202105311346/tools/bin/../lib/gcc/arm-none-eabi/9.3.1/thumb/v7-m/nofp/crtbegin.o

.rodata         0x0000000008001d04       0x2c
                0x0000000008001d04                . = ALIGN (0x4)
 *(.rodata)
 *(.rodata*)
 .rodata.AHBPrescTable
                0x0000000008001d04       0x10 ./Core/Src/system_stm32f1xx.o
                0x0000000008001d04                AHBPrescTable
 .rodata.APBPrescTable
                0x0000000008001d14        0x8 ./Core/Src/system_stm32f1xx.o
                0x0000000008001d14                APBPrescTable
 .rodata.aPLLMULFactorTable.5794
                0x0000000008001d1c       0x10 ./Drivers/STM32F1xx_HAL_Driver/Src/stm32f1xx_hal_rcc.o
 .rodata.aPredivFactorTable.5795
                0x0000000008001d2c        0x2 ./Drivers/STM32F1xx_HAL_Driver/Src/stm32f1xx_hal_rcc.o
                0x0000000008001d30                . = ALIGN (0x4)
 *fill*         0x0000000008001d2e        0x2 

.rel.dyn        0x0000000008001d30        0x0
 .rel.iplt      0x0000000008001d30        0x0 c:/st/stm32cubeide_1.7.0/stm32cubeide/plugins/com.st.stm32cube.ide.mcu.externaltools.gnu-tools-for-stm32.9-2020-q2-update.win32_2.0.0.202105311346/tools/bin/../lib/gcc/arm-none-eabi/9.3.1/thumb/v7-m/nofp/crtbegin.o

.ARM.extab      0x0000000008001d30        0x0
                0x0000000008001d30                . = ALIGN (0x4)
 *(.ARM.extab* .gnu.linkonce.armextab.*)
                0x0000000008001d30                . = ALIGN (0x4)

.ARM            0x0000000008001d30        0x0
                0x0000000008001d30                . = ALIGN (0x4)
                0x0000000008001d30                __exidx_start = .
 *(.ARM.exidx*)
                0x0000000008001d30                __exidx_end = .
                0x0000000008001d30                . = ALIGN (0x4)

.preinit_array  0x0000000008001d30        0x0
                0x0000000008001d30                . = ALIGN (0x4)
                0x0000000008001d30                PROVIDE (__preinit_array_start = .)
 *(.preinit_array*)
                0x0000000008001d30                PROVIDE (__preinit_array_end = .)
                0x0000000008001d30                . = ALIGN (0x4)

.init_array     0x0000000008001d30        0x4
                0x0000000008001d30                . = ALIGN (0x4)
                0x0000000008001d30                PROVIDE (__init_array_start = .)
 *(SORT_BY_NAME(.init_array.*))
 *(.init_array*)
 .init_array    0x0000000008001d30        0x4 c:/st/stm32cubeide_1.7.0/stm32cubeide/plugins/com.st.stm32cube.ide.mcu.externaltools.gnu-tools-for-stm32.9-2020-q2-update.win32_2.0.0.202105311346/tools/bin/../lib/gcc/arm-none-eabi/9.3.1/thumb/v7-m/nofp/crtbegin.o
                0x0000000008001d34                PROVIDE (__init_array_end = .)
                0x0000000008001d34                . = ALIGN (0x4)

.fini_array     0x0000000008001d34        0x4
                0x0000000008001d34                . = ALIGN (0x4)
                [!provide]                        PROVIDE (__fini_array_start = .)
 *(SORT_BY_NAME(.fini_array.*))
 *(.fini_array*)
 .fini_array    0x0000000008001d34        0x4 c:/st/stm32cubeide_1.7.0/stm32cubeide/plugins/com.st.stm32cube.ide.mcu.externaltools.gnu-tools-for-stm32.9-2020-q2-update.win32_2.0.0.202105311346/tools/bin/../lib/gcc/arm-none-eabi/9.3.1/thumb/v7-m/nofp/crtbegin.o
                [!provide]                        PROVIDE (__fini_array_end = .)
                0x0000000008001d38                . = ALIGN (0x4)
                0x0000000008001d38                _sidata = LOADADDR (.data)

.data           0x0000000020000000        0xc load address 0x0000000008001d38
                0x0000000020000000                . = ALIGN (0x4)
                0x0000000020000000                _sdata = .
 *(.data)
 *(.data*)
 .data.SystemCoreClock
                0x0000000020000000        0x4 ./Core/Src/system_stm32f1xx.o
                0x0000000020000000                SystemCoreClock
 .data.uwTickPrio
                0x0000000020000004        0x4 ./Drivers/STM32F1xx_HAL_Driver/Src/stm32f1xx_hal.o
                0x0000000020000004                uwTickPrio
 .data.uwTickFreq
                0x0000000020000008        0x1 ./Drivers/STM32F1xx_HAL_Driver/Src/stm32f1xx_hal.o
                0x0000000020000008                uwTickFreq
 *(.RamFunc)
 *(.RamFunc*)
                0x000000002000000c                . = ALIGN (0x4)
 *fill*         0x0000000020000009        0x3 
                0x000000002000000c                _edata = .

.igot.plt       0x000000002000000c        0x0 load address 0x0000000008001d44
 .igot.plt      0x000000002000000c        0x0 c:/st/stm32cubeide_1.7.0/stm32cubeide/plugins/com.st.stm32cube.ide.mcu.externaltools.gnu-tools-for-stm32.9-2020-q2-update.win32_2.0.0.202105311346/tools/bin/../lib/gcc/arm-none-eabi/9.3.1/thumb/v7-m/nofp/crtbegin.o
                0x000000002000000c                . = ALIGN (0x4)

.bss            0x000000002000000c      0x13c load address 0x0000000008001d44
                0x000000002000000c                _sbss = .
                0x000000002000000c                __bss_start__ = _sbss
 *(.bss)
 .bss           0x000000002000000c       0x1c c:/st/stm32cubeide_1.7.0/stm32cubeide/plugins/com.st.stm32cube.ide.mcu.externaltools.gnu-tools-for-stm32.9-2020-q2-update.win32_2.0.0.202105311346/tools/bin/../lib/gcc/arm-none-eabi/9.3.1/thumb/v7-m/nofp/crtbegin.o
 *(.bss*)
 .bss.mhspi     0x0000000020000028        0x4 ./Core/Src/fnd_controller.o
 *(COMMON)
 COMMON         0x000000002000002c       0x1d ./Core/Src/fnd_controller.o
                0x000000002000002c                _LED_0F
 *fill*         0x0000000020000049        0x3 
 COMMON         0x000000002000004c       0xf8 ./Core/Src/main.o
                0x000000002000004c                hspi2
                0x00000000200000a4                huart1
                0x00000000200000ec                hspi1
 COMMON         0x0000000020000144        0x4 ./Drivers/STM32F1xx_HAL_Driver/Src/stm32f1xx_hal.o
                0x0000000020000144                uwTick
                0x0000000020000148                . = ALIGN (0x4)
                0x0000000020000148                _ebss = .
                0x0000000020000148                __bss_end__ = _ebss

._user_heap_stack
                0x0000000020000148      0x600 load address 0x0000000008001d44
                0x0000000020000148                . = ALIGN (0x8)
                [!provide]                        PROVIDE (end = .)
                0x0000000020000148                PROVIDE (_end = .)
                0x0000000020000348                . = (. + _Min_Heap_Size)
 *fill*         0x0000000020000148      0x200 
                0x0000000020000748                . = (. + _Min_Stack_Size)
 *fill*         0x0000000020000348      0x400 
                0x0000000020000748                . = ALIGN (0x8)

/DISCARD/
 libc.a(*)
 libm.a(*)
 libgcc.a(*)

.ARM.attributes
                0x0000000000000000       0x29
 *(.ARM.attributes)
 .ARM.attributes
                0x0000000000000000       0x1d c:/st/stm32cubeide_1.7.0/stm32cubeide/plugins/com.st.stm32cube.ide.mcu.externaltools.gnu-tools-for-stm32.9-2020-q2-update.win32_2.0.0.202105311346/tools/bin/../lib/gcc/arm-none-eabi/9.3.1/thumb/v7-m/nofp/crti.o
 .ARM.attributes
                0x000000000000001d       0x2d c:/st/stm32cubeide_1.7.0/stm32cubeide/plugins/com.st.stm32cube.ide.mcu.externaltools.gnu-tools-for-stm32.9-2020-q2-update.win32_2.0.0.202105311346/tools/bin/../lib/gcc/arm-none-eabi/9.3.1/thumb/v7-m/nofp/crtbegin.o
 .ARM.attributes
                0x000000000000004a       0x2d ./Core/Src/fnd_controller.o
 .ARM.attributes
                0x0000000000000077       0x2d ./Core/Src/main.o
 .ARM.attributes
                0x00000000000000a4       0x2d ./Core/Src/stm32f1xx_hal_msp.o
 .ARM.attributes
                0x00000000000000d1       0x2d ./Core/Src/stm32f1xx_it.o
 .ARM.attributes
                0x00000000000000fe       0x2d ./Core/Src/system_stm32f1xx.o
 .ARM.attributes
                0x000000000000012b       0x21 ./Core/Startup/startup_stm32f103c8tx.o
 .ARM.attributes
                0x000000000000014c       0x2d ./Drivers/STM32F1xx_HAL_Driver/Src/stm32f1xx_hal.o
 .ARM.attributes
                0x0000000000000179       0x2d ./Drivers/STM32F1xx_HAL_Driver/Src/stm32f1xx_hal_cortex.o
 .ARM.attributes
                0x00000000000001a6       0x2d ./Drivers/STM32F1xx_HAL_Driver/Src/stm32f1xx_hal_gpio.o
 .ARM.attributes
                0x00000000000001d3       0x2d ./Drivers/STM32F1xx_HAL_Driver/Src/stm32f1xx_hal_rcc.o
 .ARM.attributes
                0x0000000000000200       0x2d ./Drivers/STM32F1xx_HAL_Driver/Src/stm32f1xx_hal_spi.o
 .ARM.attributes
                0x000000000000022d       0x2d ./Drivers/STM32F1xx_HAL_Driver/Src/stm32f1xx_hal_uart.o
 .ARM.attributes
                0x000000000000025a       0x2d c:/st/stm32cubeide_1.7.0/stm32cubeide/plugins/com.st.stm32cube.ide.mcu.externaltools.gnu-tools-for-stm32.9-2020-q2-update.win32_2.0.0.202105311346/tools/bin/../lib/gcc/arm-none-eabi/9.3.1/../../../../arm-none-eabi/lib/thumb/v7-m/nofp\libc_nano.a(lib_a-init.o)
 .ARM.attributes
                0x0000000000000287       0x2d c:/st/stm32cubeide_1.7.0/stm32cubeide/plugins/com.st.stm32cube.ide.mcu.externaltools.gnu-tools-for-stm32.9-2020-q2-update.win32_2.0.0.202105311346/tools/bin/../lib/gcc/arm-none-eabi/9.3.1/../../../../arm-none-eabi/lib/thumb/v7-m/nofp\libc_nano.a(lib_a-memset.o)
 .ARM.attributes
                0x00000000000002b4       0x1d c:/st/stm32cubeide_1.7.0/stm32cubeide/plugins/com.st.stm32cube.ide.mcu.externaltools.gnu-tools-for-stm32.9-2020-q2-update.win32_2.0.0.202105311346/tools/bin/../lib/gcc/arm-none-eabi/9.3.1/thumb/v7-m/nofp/crtn.o
OUTPUT(first.elf elf32-littlearm)
LOAD linker stubs
LOAD c:/st/stm32cubeide_1.7.0/stm32cubeide/plugins/com.st.stm32cube.ide.mcu.externaltools.gnu-tools-for-stm32.9-2020-q2-update.win32_2.0.0.202105311346/tools/bin/../lib/gcc/arm-none-eabi/9.3.1/../../../../arm-none-eabi/lib/thumb/v7-m/nofp\libc.a
LOAD c:/st/stm32cubeide_1.7.0/stm32cubeide/plugins/com.st.stm32cube.ide.mcu.externaltools.gnu-tools-for-stm32.9-2020-q2-update.win32_2.0.0.202105311346/tools/bin/../lib/gcc/arm-none-eabi/9.3.1/../../../../arm-none-eabi/lib/thumb/v7-m/nofp\libm.a
LOAD c:/st/stm32cubeide_1.7.0/stm32cubeide/plugins/com.st.stm32cube.ide.mcu.externaltools.gnu-tools-for-stm32.9-2020-q2-update.win32_2.0.0.202105311346/tools/bin/../lib/gcc/arm-none-eabi/9.3.1/thumb/v7-m/nofp\libgcc.a

.debug_info     0x0000000000000000     0x917a
 .debug_info    0x0000000000000000      0x967 ./Core/Src/fnd_controller.o
 .debug_info    0x0000000000000967      0xcf2 ./Core/Src/main.o
 .debug_info    0x0000000000001659      0xc46 ./Core/Src/stm32f1xx_hal_msp.o
 .debug_info    0x000000000000229f      0x222 ./Core/Src/stm32f1xx_it.o
 .debug_info    0x00000000000024c1      0x2be ./Core/Src/system_stm32f1xx.o
 .debug_info    0x000000000000277f       0x22 ./Core/Startup/startup_stm32f103c8tx.o
 .debug_info    0x00000000000027a1      0x76a ./Drivers/STM32F1xx_HAL_Driver/Src/stm32f1xx_hal.o
 .debug_info    0x0000000000002f0b      0xbdc ./Drivers/STM32F1xx_HAL_Driver/Src/stm32f1xx_hal_cortex.o
 .debug_info    0x0000000000003ae7      0x701 ./Drivers/STM32F1xx_HAL_Driver/Src/stm32f1xx_hal_gpio.o
 .debug_info    0x00000000000041e8      0x893 ./Drivers/STM32F1xx_HAL_Driver/Src/stm32f1xx_hal_rcc.o
 .debug_info    0x0000000000004a7b     0x15d0 ./Drivers/STM32F1xx_HAL_Driver/Src/stm32f1xx_hal_spi.o
 .debug_info    0x000000000000604b     0x312f ./Drivers/STM32F1xx_HAL_Driver/Src/stm32f1xx_hal_uart.o

.debug_abbrev   0x0000000000000000     0x16d1
 .debug_abbrev  0x0000000000000000      0x1d6 ./Core/Src/fnd_controller.o
 .debug_abbrev  0x00000000000001d6      0x278 ./Core/Src/main.o
 .debug_abbrev  0x000000000000044e      0x1ac ./Core/Src/stm32f1xx_hal_msp.o
 .debug_abbrev  0x00000000000005fa       0xd2 ./Core/Src/stm32f1xx_it.o
 .debug_abbrev  0x00000000000006cc      0x14e ./Core/Src/system_stm32f1xx.o
 .debug_abbrev  0x000000000000081a       0x12 ./Core/Startup/startup_stm32f103c8tx.o
 .debug_abbrev  0x000000000000082c      0x1ed ./Drivers/STM32F1xx_HAL_Driver/Src/stm32f1xx_hal.o
 .debug_abbrev  0x0000000000000a19      0x313 ./Drivers/STM32F1xx_HAL_Driver/Src/stm32f1xx_hal_cortex.o
 .debug_abbrev  0x0000000000000d2c      0x1e8 ./Drivers/STM32F1xx_HAL_Driver/Src/stm32f1xx_hal_gpio.o
 .debug_abbrev  0x0000000000000f14      0x273 ./Drivers/STM32F1xx_HAL_Driver/Src/stm32f1xx_hal_rcc.o
 .debug_abbrev  0x0000000000001187      0x25f ./Drivers/STM32F1xx_HAL_Driver/Src/stm32f1xx_hal_spi.o
 .debug_abbrev  0x00000000000013e6      0x2eb ./Drivers/STM32F1xx_HAL_Driver/Src/stm32f1xx_hal_uart.o

.debug_aranges  0x0000000000000000      0x848
 .debug_aranges
                0x0000000000000000       0x68 ./Core/Src/fnd_controller.o
 .debug_aranges
                0x0000000000000068       0x50 ./Core/Src/main.o
 .debug_aranges
                0x00000000000000b8       0x40 ./Core/Src/stm32f1xx_hal_msp.o
 .debug_aranges
                0x00000000000000f8       0x60 ./Core/Src/stm32f1xx_it.o
 .debug_aranges
                0x0000000000000158       0x28 ./Core/Src/system_stm32f1xx.o
 .debug_aranges
                0x0000000000000180       0x28 ./Core/Startup/startup_stm32f103c8tx.o
 .debug_aranges
                0x00000000000001a8       0xe0 ./Drivers/STM32F1xx_HAL_Driver/Src/stm32f1xx_hal.o
 .debug_aranges
                0x0000000000000288      0x100 ./Drivers/STM32F1xx_HAL_Driver/Src/stm32f1xx_hal_cortex.o
 .debug_aranges
                0x0000000000000388       0x58 ./Drivers/STM32F1xx_HAL_Driver/Src/stm32f1xx_hal_gpio.o
 .debug_aranges
                0x00000000000003e0       0x90 ./Drivers/STM32F1xx_HAL_Driver/Src/stm32f1xx_hal_rcc.o
 .debug_aranges
                0x0000000000000470      0x1d0 ./Drivers/STM32F1xx_HAL_Driver/Src/stm32f1xx_hal_spi.o
 .debug_aranges
                0x0000000000000640      0x208 ./Drivers/STM32F1xx_HAL_Driver/Src/stm32f1xx_hal_uart.o

.debug_ranges   0x0000000000000000      0x7c0
 .debug_ranges  0x0000000000000000       0x58 ./Core/Src/fnd_controller.o
 .debug_ranges  0x0000000000000058       0x40 ./Core/Src/main.o
 .debug_ranges  0x0000000000000098       0x30 ./Core/Src/stm32f1xx_hal_msp.o
 .debug_ranges  0x00000000000000c8       0x50 ./Core/Src/stm32f1xx_it.o
 .debug_ranges  0x0000000000000118       0x18 ./Core/Src/system_stm32f1xx.o
 .debug_ranges  0x0000000000000130       0x20 ./Core/Startup/startup_stm32f103c8tx.o
 .debug_ranges  0x0000000000000150       0xd0 ./Drivers/STM32F1xx_HAL_Driver/Src/stm32f1xx_hal.o
 .debug_ranges  0x0000000000000220       0xf0 ./Drivers/STM32F1xx_HAL_Driver/Src/stm32f1xx_hal_cortex.o
 .debug_ranges  0x0000000000000310       0x48 ./Drivers/STM32F1xx_HAL_Driver/Src/stm32f1xx_hal_gpio.o
 .debug_ranges  0x0000000000000358       0x80 ./Drivers/STM32F1xx_HAL_Driver/Src/stm32f1xx_hal_rcc.o
 .debug_ranges  0x00000000000003d8      0x1c0 ./Drivers/STM32F1xx_HAL_Driver/Src/stm32f1xx_hal_spi.o
 .debug_ranges  0x0000000000000598      0x228 ./Drivers/STM32F1xx_HAL_Driver/Src/stm32f1xx_hal_uart.o

.debug_macro    0x0000000000000000    0x163c1
 .debug_macro   0x0000000000000000      0x1ba ./Core/Src/fnd_controller.o
 .debug_macro   0x00000000000001ba      0xa9c ./Core/Src/fnd_controller.o
 .debug_macro   0x0000000000000c56       0x22 ./Core/Src/fnd_controller.o
 .debug_macro   0x0000000000000c78       0x8e ./Core/Src/fnd_controller.o
 .debug_macro   0x0000000000000d06       0x51 ./Core/Src/fnd_controller.o
 .debug_macro   0x0000000000000d57      0x103 ./Core/Src/fnd_controller.o
 .debug_macro   0x0000000000000e5a       0x6a ./Core/Src/fnd_controller.o
 .debug_macro   0x0000000000000ec4      0x1df ./Core/Src/fnd_controller.o
 .debug_macro   0x00000000000010a3      0x21b ./Core/Src/fnd_controller.o
 .debug_macro   0x00000000000012be       0x2e ./Core/Src/fnd_controller.o
 .debug_macro   0x00000000000012ec       0x22 ./Core/Src/fnd_controller.o
 .debug_macro   0x000000000000130e       0x1c ./Core/Src/fnd_controller.o
 .debug_macro   0x000000000000132a       0x22 ./Core/Src/fnd_controller.o
 .debug_macro   0x000000000000134c       0xc3 ./Core/Src/fnd_controller.o
 .debug_macro   0x000000000000140f      0xd23 ./Core/Src/fnd_controller.o
 .debug_macro   0x0000000000002132     0xe09e ./Core/Src/fnd_controller.o
 .debug_macro   0x00000000000101d0       0x6d ./Core/Src/fnd_controller.o
 .debug_macro   0x000000000001023d     0x34a2 ./Core/Src/fnd_controller.o
 .debug_macro   0x00000000000136df      0x174 ./Core/Src/fnd_controller.o
 .debug_macro   0x0000000000013853       0x5c ./Core/Src/fnd_controller.o
 .debug_macro   0x00000000000138af      0x5bc ./Core/Src/fnd_controller.o
 .debug_macro   0x0000000000013e6b      0x289 ./Core/Src/fnd_controller.o
 .debug_macro   0x00000000000140f4      0x1cb ./Core/Src/fnd_controller.o
 .debug_macro   0x00000000000142bf      0x114 ./Core/Src/fnd_controller.o
 .debug_macro   0x00000000000143d3      0x1b2 ./Core/Src/fnd_controller.o
 .debug_macro   0x0000000000014585       0x27 ./Core/Src/fnd_controller.o
 .debug_macro   0x00000000000145ac      0x136 ./Core/Src/fnd_controller.o
 .debug_macro   0x00000000000146e2      0x1bc ./Core/Src/fnd_controller.o
 .debug_macro   0x000000000001489e       0x34 ./Core/Src/fnd_controller.o
 .debug_macro   0x00000000000148d2       0x3c ./Core/Src/fnd_controller.o
 .debug_macro   0x000000000001490e       0x57 ./Core/Src/fnd_controller.o
 .debug_macro   0x0000000000014965       0x87 ./Core/Src/fnd_controller.o
 .debug_macro   0x00000000000149ec      0x240 ./Core/Src/fnd_controller.o
 .debug_macro   0x0000000000014c2c      0x140 ./Core/Src/fnd_controller.o
 .debug_macro   0x0000000000014d6c      0x217 ./Core/Src/fnd_controller.o
 .debug_macro   0x0000000000014f83      0x28e ./Core/Src/fnd_controller.o
 .debug_macro   0x0000000000015211       0x83 ./Core/Src/fnd_controller.o
 .debug_macro   0x0000000000015294       0x40 ./Core/Src/fnd_controller.o
 .debug_macro   0x00000000000152d4       0x1c ./Core/Src/fnd_controller.o
 .debug_macro   0x00000000000152f0      0x1a7 ./Core/Src/main.o
 .debug_macro   0x0000000000015497      0x1a7 ./Core/Src/stm32f1xx_hal_msp.o
 .debug_macro   0x000000000001563e      0x1b1 ./Core/Src/stm32f1xx_it.o
 .debug_macro   0x00000000000157ef      0x198 ./Core/Src/system_stm32f1xx.o
 .debug_macro   0x0000000000015987      0x1bc ./Drivers/STM32F1xx_HAL_Driver/Src/stm32f1xx_hal.o
 .debug_macro   0x0000000000015b43      0x198 ./Drivers/STM32F1xx_HAL_Driver/Src/stm32f1xx_hal_cortex.o
 .debug_macro   0x0000000000015cdb      0x203 ./Drivers/STM32F1xx_HAL_Driver/Src/stm32f1xx_hal_gpio.o
 .debug_macro   0x0000000000015ede      0x1aa ./Drivers/STM32F1xx_HAL_Driver/Src/stm32f1xx_hal_rcc.o
 .debug_macro   0x0000000000016088      0x1a0 ./Drivers/STM32F1xx_HAL_Driver/Src/stm32f1xx_hal_spi.o
 .debug_macro   0x0000000000016228      0x199 ./Drivers/STM32F1xx_HAL_Driver/Src/stm32f1xx_hal_uart.o

.debug_line     0x0000000000000000     0x9455
 .debug_line    0x0000000000000000      0x80d ./Core/Src/fnd_controller.o
 .debug_line    0x000000000000080d      0x7e9 ./Core/Src/main.o
 .debug_line    0x0000000000000ff6      0x738 ./Core/Src/stm32f1xx_hal_msp.o
 .debug_line    0x000000000000172e      0x725 ./Core/Src/stm32f1xx_it.o
 .debug_line    0x0000000000001e53      0x6e1 ./Core/Src/system_stm32f1xx.o
 .debug_line    0x0000000000002534       0x86 ./Core/Startup/startup_stm32f103c8tx.o
 .debug_line    0x00000000000025ba      0x90e ./Drivers/STM32F1xx_HAL_Driver/Src/stm32f1xx_hal.o
 .debug_line    0x0000000000002ec8      0xaf6 ./Drivers/STM32F1xx_HAL_Driver/Src/stm32f1xx_hal_cortex.o
 .debug_line    0x00000000000039be      0x9a7 ./Drivers/STM32F1xx_HAL_Driver/Src/stm32f1xx_hal_gpio.o
 .debug_line    0x0000000000004365      0xd1a ./Drivers/STM32F1xx_HAL_Driver/Src/stm32f1xx_hal_rcc.o
 .debug_line    0x000000000000507f     0x1c01 ./Drivers/STM32F1xx_HAL_Driver/Src/stm32f1xx_hal_spi.o
 .debug_line    0x0000000000006c80     0x27d5 ./Drivers/STM32F1xx_HAL_Driver/Src/stm32f1xx_hal_uart.o

.debug_str      0x0000000000000000    0x7febd
 .debug_str     0x0000000000000000    0x7dfbd ./Core/Src/fnd_controller.o
                                      0x7e35c (size before relaxing)
 .debug_str     0x000000000007dfbd      0x3e0 ./Core/Src/main.o
                                      0x7e68a (size before relaxing)
 .debug_str     0x000000000007e39d       0xa6 ./Core/Src/stm32f1xx_hal_msp.o
                                      0x7e53b (size before relaxing)
 .debug_str     0x000000000007e443       0xbd ./Core/Src/stm32f1xx_it.o
                                      0x7df58 (size before relaxing)
 .debug_str     0x000000000007e500       0x52 ./Core/Src/system_stm32f1xx.o
                                      0x7de33 (size before relaxing)
 .debug_str     0x000000000007e552       0x36 ./Core/Startup/startup_stm32f103c8tx.o
                                         0x5c (size before relaxing)
 .debug_str     0x000000000007e588      0x55e ./Drivers/STM32F1xx_HAL_Driver/Src/stm32f1xx_hal.o
                                      0x7e4c4 (size before relaxing)
 .debug_str     0x000000000007eae6      0x300 ./Drivers/STM32F1xx_HAL_Driver/Src/stm32f1xx_hal_cortex.o
                                      0x7e4cc (size before relaxing)
 .debug_str     0x000000000007ede6      0x324 ./Drivers/STM32F1xx_HAL_Driver/Src/stm32f1xx_hal_gpio.o
                                      0x7e1f7 (size before relaxing)
 .debug_str     0x000000000007f10a      0x24f ./Drivers/STM32F1xx_HAL_Driver/Src/stm32f1xx_hal_rcc.o
                                      0x7e230 (size before relaxing)
 .debug_str     0x000000000007f359      0x548 ./Drivers/STM32F1xx_HAL_Driver/Src/stm32f1xx_hal_spi.o
                                      0x7e739 (size before relaxing)
 .debug_str     0x000000000007f8a1      0x61c ./Drivers/STM32F1xx_HAL_Driver/Src/stm32f1xx_hal_uart.o
                                      0x7e888 (size before relaxing)

.comment        0x0000000000000000       0x53
 .comment       0x0000000000000000       0x53 ./Core/Src/fnd_controller.o
                                         0x54 (size before relaxing)
 .comment       0x0000000000000053       0x54 ./Core/Src/main.o
 .comment       0x0000000000000053       0x54 ./Core/Src/stm32f1xx_hal_msp.o
 .comment       0x0000000000000053       0x54 ./Core/Src/stm32f1xx_it.o
 .comment       0x0000000000000053       0x54 ./Core/Src/system_stm32f1xx.o
 .comment       0x0000000000000053       0x54 ./Drivers/STM32F1xx_HAL_Driver/Src/stm32f1xx_hal.o
 .comment       0x0000000000000053       0x54 ./Drivers/STM32F1xx_HAL_Driver/Src/stm32f1xx_hal_cortex.o
 .comment       0x0000000000000053       0x54 ./Drivers/STM32F1xx_HAL_Driver/Src/stm32f1xx_hal_gpio.o
 .comment       0x0000000000000053       0x54 ./Drivers/STM32F1xx_HAL_Driver/Src/stm32f1xx_hal_rcc.o
 .comment       0x0000000000000053       0x54 ./Drivers/STM32F1xx_HAL_Driver/Src/stm32f1xx_hal_spi.o
 .comment       0x0000000000000053       0x54 ./Drivers/STM32F1xx_HAL_Driver/Src/stm32f1xx_hal_uart.o

.debug_frame    0x0000000000000000     0x20f4
 .debug_frame   0x0000000000000000      0x17c ./Core/Src/fnd_controller.o
 .debug_frame   0x000000000000017c       0xe0 ./Core/Src/main.o
 .debug_frame   0x000000000000025c       0xc8 ./Core/Src/stm32f1xx_hal_msp.o
 .debug_frame   0x0000000000000324      0x104 ./Core/Src/stm32f1xx_it.o
 .debug_frame   0x0000000000000428       0x58 ./Core/Src/system_stm32f1xx.o
 .debug_frame   0x0000000000000480      0x334 ./Drivers/STM32F1xx_HAL_Driver/Src/stm32f1xx_hal.o
 .debug_frame   0x00000000000007b4      0x428 ./Drivers/STM32F1xx_HAL_Driver/Src/stm32f1xx_hal_cortex.o
 .debug_frame   0x0000000000000bdc      0x14c ./Drivers/STM32F1xx_HAL_Driver/Src/stm32f1xx_hal_gpio.o
 .debug_frame   0x0000000000000d28      0x218 ./Drivers/STM32F1xx_HAL_Driver/Src/stm32f1xx_hal_rcc.o
 .debug_frame   0x0000000000000f40      0x824 ./Drivers/STM32F1xx_HAL_Driver/Src/stm32f1xx_hal_spi.o
 .debug_frame   0x0000000000001764      0x944 ./Drivers/STM32F1xx_HAL_Driver/Src/stm32f1xx_hal_uart.o
 .debug_frame   0x00000000000020a8       0x2c c:/st/stm32cubeide_1.7.0/stm32cubeide/plugins/com.st.stm32cube.ide.mcu.externaltools.gnu-tools-for-stm32.9-2020-q2-update.win32_2.0.0.202105311346/tools/bin/../lib/gcc/arm-none-eabi/9.3.1/../../../../arm-none-eabi/lib/thumb/v7-m/nofp\libc_nano.a(lib_a-init.o)
 .debug_frame   0x00000000000020d4       0x20 c:/st/stm32cubeide_1.7.0/stm32cubeide/plugins/com.st.stm32cube.ide.mcu.externaltools.gnu-tools-for-stm32.9-2020-q2-update.win32_2.0.0.202105311346/tools/bin/../lib/gcc/arm-none-eabi/9.3.1/../../../../arm-none-eabi/lib/thumb/v7-m/nofp\libc_nano.a(lib_a-memset.o)
