22:52:44 **** Incremental Build of configuration Debug for project first ****
make -j16 all 
arm-none-eabi-gcc "../Core/Src/main.c" -mcpu=cortex-m3 -std=gnu11 -g3 -DDEBUG -DUSE_HAL_DRIVER -DSTM32F103xB -c -I../Core/Inc -I../Drivers/STM32F1xx_HAL_Driver/Inc -I../Drivers/STM32F1xx_HAL_Driver/Inc/Legacy -I../Drivers/CMSIS/Device/ST/STM32F1xx/Include -I../Drivers/CMSIS/Include -O0 -ffunction-sections -fdata-sections -Wall -fstack-usage -MMD -MP -MF"Core/Src/main.d" -MT"Core/Src/main.o" --specs=nano.specs -mfloat-abi=soft -mthumb -o "Core/Src/main.o"
arm-none-eabi-gcc -o "first.elf" @"objects.list"   -mcpu=cortex-m3 -T"C:\project\firstClass\first\STM32F103C8TX_FLASH.ld" --specs=nosys.specs -Wl,-Map="first.map" -Wl,--gc-sections -static --specs=nano.specs -mfloat-abi=soft -mthumb -Wl,--start-group -lc -lm -Wl,--end-group
Finished building target: first.elf
 
arm-none-eabi-size   first.elf 
arm-none-eabi-objdump -h -S  first.elf  > "first.list"
arm-none-eabi-objcopy  -O binary  first.elf  "first.bin"
   text	   data	    bss	    dec	    hex	filename
   4692	     20	   1572	   6284	   188c	first.elf
Finished building: default.size.stdout
 
Finished building: first.bin
Finished building: first.list
 
 

22:52:46 Build Finished. 0 errors, 0 warnings. (took 1s.155ms)

